// Jest Snapshot v1, https://goo.gl/fbAQLP

exports[`create greeting stack 1`] = `
Object {
  "Outputs": Object {
    "APIGatewayURL": Object {
      "Value": Object {
        "Fn::Join": Array [
          "",
          Array [
            "https://",
            Object {
              "Ref": "ApiGateway11E7F47B",
            },
            ".execute-api.",
            Object {
              "Ref": "AWS::Region",
            },
            ".",
            Object {
              "Ref": "AWS::URLSuffix",
            },
            "/",
            Object {
              "Ref": "ApiGatewayDeploymentStagetest6EE49CA4",
            },
            "/",
          ],
        ],
      },
    },
    "APIKeyARN": Object {
      "Value": Object {
        "Fn::Join": Array [
          "",
          Array [
            "arn:",
            Object {
              "Ref": "AWS::Partition",
            },
            ":apigateway:",
            Object {
              "Ref": "AWS::Region",
            },
            "::/apikeys/",
            Object {
              "Ref": "ApiKey25876BBE",
            },
          ],
        ],
      },
    },
    "ApiGatewayEndpoint5AA8EC3A": Object {
      "Value": Object {
        "Fn::Join": Array [
          "",
          Array [
            "https://",
            Object {
              "Ref": "ApiGateway11E7F47B",
            },
            ".execute-api.",
            Object {
              "Ref": "AWS::Region",
            },
            ".",
            Object {
              "Ref": "AWS::URLSuffix",
            },
            "/",
            Object {
              "Ref": "ApiGatewayDeploymentStagetest6EE49CA4",
            },
            "/",
          ],
        ],
      },
    },
  },
  "Parameters": Object {
    "AssetParameters2cb65ca7825cd6e957d8c0ddac8735a605fa5867c0f65c8152c10bd2c5b1d8f6ArtifactHash2E11E2F3": Object {
      "Description": "Artifact hash for asset \\"2cb65ca7825cd6e957d8c0ddac8735a605fa5867c0f65c8152c10bd2c5b1d8f6\\"",
      "Type": "String",
    },
    "AssetParameters2cb65ca7825cd6e957d8c0ddac8735a605fa5867c0f65c8152c10bd2c5b1d8f6S3Bucket49BAD129": Object {
      "Description": "S3 bucket for asset \\"2cb65ca7825cd6e957d8c0ddac8735a605fa5867c0f65c8152c10bd2c5b1d8f6\\"",
      "Type": "String",
    },
    "AssetParameters2cb65ca7825cd6e957d8c0ddac8735a605fa5867c0f65c8152c10bd2c5b1d8f6S3VersionKey2E9334C6": Object {
      "Description": "S3 key for asset version \\"2cb65ca7825cd6e957d8c0ddac8735a605fa5867c0f65c8152c10bd2c5b1d8f6\\"",
      "Type": "String",
    },
  },
  "Resources": Object {
    "ApiGateway11E7F47B": Object {
      "Properties": Object {
        "Body": Object {
          "components": Object {
            "schemas": Object {
              "GreetingResponse": Object {
                "properties": Object {
                  "message": Object {
                    "type": "string",
                  },
                },
                "type": "object",
              },
            },
            "securitySchemes": Object {
              "ApiKey": Object {
                "in": "header",
                "name": "x-api-key",
                "type": "apiKey",
              },
            },
          },
          "info": Object {
            "title": "Greeting API",
            "version": "1.0.0",
          },
          "openapi": "3.0.1",
          "paths": Object {
            "/v1/greet": Object {
              "get": Object {
                "description": "Provide Greeting Message when lambda is invoked. Lambda is written in TypeScript",
                "operationId": "getV1Greet",
                "responses": Object {
                  "200": Object {
                    "content": Object {
                      "application/json": Object {
                        "schema": Object {
                          "$ref": "#/components/schemas/GreetingResponse",
                        },
                      },
                    },
                    "description": "Successfully Greet",
                  },
                },
                "security": Array [
                  Object {
                    "ApiKey": Array [],
                  },
                ],
                "summary": "Provide Greeting Message",
                "x-amazon-apigateway-integration": Object {
                  "httpMethod": "POST",
                  "responses": Object {
                    "default": Object {
                      "statusCode": "200",
                    },
                  },
                  "timeoutInMillis": 10000,
                  "type": "aws_proxy",
                  "uri": Object {
                    "Fn::Join": Array [
                      "",
                      Array [
                        "arn:aws:apigateway:\${AWS::Region}:lambda:path/2015-03-31/functions/",
                        Object {
                          "Ref": "FunctionAliasE9E29399",
                        },
                        "/invocations",
                      ],
                    ],
                  },
                },
              },
            },
          },
        },
        "Name": "greeting-stack-rest-api",
      },
      "Type": "AWS::ApiGateway::RestApi",
    },
    "ApiGatewayDeploymentA26796E812aabc4e95265843f7f6d8fb8aec3968": Object {
      "Properties": Object {
        "Description": "Automatically created by the RestApi construct",
        "RestApiId": Object {
          "Ref": "ApiGateway11E7F47B",
        },
      },
      "Type": "AWS::ApiGateway::Deployment",
    },
    "ApiGatewayDeploymentStagetest6EE49CA4": Object {
      "Properties": Object {
        "DeploymentId": Object {
          "Ref": "ApiGatewayDeploymentA26796E812aabc4e95265843f7f6d8fb8aec3968",
        },
        "RestApiId": Object {
          "Ref": "ApiGateway11E7F47B",
        },
        "StageName": "test",
        "TracingEnabled": true,
      },
      "Type": "AWS::ApiGateway::Stage",
    },
    "ApiKey25876BBE": Object {
      "Properties": Object {
        "Enabled": true,
        "Name": "greeting-stack-api-key",
        "StageKeys": Array [
          Object {
            "RestApiId": Object {
              "Ref": "ApiGateway11E7F47B",
            },
            "StageName": Object {
              "Ref": "ApiGatewayDeploymentStagetest6EE49CA4",
            },
          },
        ],
      },
      "Type": "AWS::ApiGateway::ApiKey",
    },
    "ApiKeyUsagePlanResourceDB236EC3": Object {
      "Properties": Object {
        "ApiStages": Array [
          Object {
            "ApiId": Object {
              "Ref": "ApiGateway11E7F47B",
            },
            "Stage": Object {
              "Ref": "ApiGatewayDeploymentStagetest6EE49CA4",
            },
            "Throttle": Object {},
          },
        ],
        "Quota": Object {
          "Limit": 100,
          "Period": "MONTH",
        },
      },
      "Type": "AWS::ApiGateway::UsagePlan",
    },
    "ApiKeyUsagePlanResourceUsagePlanKeyResourceD56B1068": Object {
      "Properties": Object {
        "KeyId": Object {
          "Ref": "ApiKey25876BBE",
        },
        "KeyType": "API_KEY",
        "UsagePlanId": Object {
          "Ref": "ApiKeyUsagePlanResourceDB236EC3",
        },
      },
      "Type": "AWS::ApiGateway::UsagePlanKey",
    },
    "Function76856677": Object {
      "DependsOn": Array [
        "FunctionServiceRoleDefaultPolicy2F49994A",
        "FunctionServiceRole675BB04A",
      ],
      "Properties": Object {
        "Code": Object {
          "S3Bucket": Object {
            "Ref": "AssetParameters2cb65ca7825cd6e957d8c0ddac8735a605fa5867c0f65c8152c10bd2c5b1d8f6S3Bucket49BAD129",
          },
          "S3Key": Object {
            "Fn::Join": Array [
              "",
              Array [
                Object {
                  "Fn::Select": Array [
                    0,
                    Object {
                      "Fn::Split": Array [
                        "||",
                        Object {
                          "Ref": "AssetParameters2cb65ca7825cd6e957d8c0ddac8735a605fa5867c0f65c8152c10bd2c5b1d8f6S3VersionKey2E9334C6",
                        },
                      ],
                    },
                  ],
                },
                Object {
                  "Fn::Select": Array [
                    1,
                    Object {
                      "Fn::Split": Array [
                        "||",
                        Object {
                          "Ref": "AssetParameters2cb65ca7825cd6e957d8c0ddac8735a605fa5867c0f65c8152c10bd2c5b1d8f6S3VersionKey2E9334C6",
                        },
                      ],
                    },
                  ],
                },
              ],
            ],
          },
        },
        "FunctionName": "greeting-stack",
        "Handler": "main.handler",
        "Role": Object {
          "Fn::GetAtt": Array [
            "FunctionServiceRole675BB04A",
            "Arn",
          ],
        },
        "Runtime": "nodejs14.x",
        "Timeout": 5,
        "TracingConfig": Object {
          "Mode": "Active",
        },
      },
      "Type": "AWS::Lambda::Function",
    },
    "FunctionAliasAllowApiGatewayInvokeD66B39EA": Object {
      "Properties": Object {
        "Action": "lambda:InvokeFunction",
        "FunctionName": Object {
          "Ref": "FunctionAliasE9E29399",
        },
        "Principal": "apigateway.amazonaws.com",
        "SourceArn": Object {
          "Fn::Join": Array [
            "",
            Array [
              "arn:",
              Object {
                "Ref": "AWS::Partition",
              },
              ":execute-api:",
              Object {
                "Ref": "AWS::Region",
              },
              ":",
              Object {
                "Ref": "AWS::AccountId",
              },
              ":",
              Object {
                "Ref": "ApiGateway11E7F47B",
              },
              "/*/*/*",
            ],
          ],
        },
      },
      "Type": "AWS::Lambda::Permission",
    },
    "FunctionAliasE9E29399": Object {
      "Properties": Object {
        "FunctionName": Object {
          "Ref": "Function76856677",
        },
        "FunctionVersion": Object {
          "Fn::GetAtt": Array [
            "FunctionCurrentVersion4E2B2261ebb20bcf35ea65f29e463ddf4c4f5b3e",
            "Version",
          ],
        },
        "Name": "stable",
      },
      "Type": "AWS::Lambda::Alias",
    },
    "FunctionCurrentVersion4E2B2261ebb20bcf35ea65f29e463ddf4c4f5b3e": Object {
      "Properties": Object {
        "FunctionName": Object {
          "Ref": "Function76856677",
        },
      },
      "Type": "AWS::Lambda::Version",
    },
    "FunctionLogGroupBD1576D5": Object {
      "DeletionPolicy": "Delete",
      "Properties": Object {
        "LogGroupName": "/aws/lambda/greeting-stack",
        "RetentionInDays": 7,
      },
      "Type": "AWS::Logs::LogGroup",
      "UpdateReplacePolicy": "Delete",
    },
    "FunctionServiceRole675BB04A": Object {
      "Properties": Object {
        "AssumeRolePolicyDocument": Object {
          "Statement": Array [
            Object {
              "Action": "sts:AssumeRole",
              "Effect": "Allow",
              "Principal": Object {
                "Service": "lambda.amazonaws.com",
              },
            },
          ],
          "Version": "2012-10-17",
        },
        "ManagedPolicyArns": Array [
          Object {
            "Fn::Join": Array [
              "",
              Array [
                "arn:",
                Object {
                  "Ref": "AWS::Partition",
                },
                ":iam::aws:policy/service-role/AWSLambdaBasicExecutionRole",
              ],
            ],
          },
        ],
      },
      "Type": "AWS::IAM::Role",
    },
    "FunctionServiceRoleDefaultPolicy2F49994A": Object {
      "Properties": Object {
        "PolicyDocument": Object {
          "Statement": Array [
            Object {
              "Action": Array [
                "xray:PutTraceSegments",
                "xray:PutTelemetryRecords",
              ],
              "Effect": "Allow",
              "Resource": "*",
            },
            Object {
              "Action": Array [
                "logs:CreateLogStream",
                "logs:PutLogEvents",
              ],
              "Effect": "Allow",
              "Resource": Object {
                "Fn::GetAtt": Array [
                  "FunctionLogGroupBD1576D5",
                  "Arn",
                ],
              },
            },
          ],
          "Version": "2012-10-17",
        },
        "PolicyName": "FunctionServiceRoleDefaultPolicy2F49994A",
        "Roles": Array [
          Object {
            "Ref": "FunctionServiceRole675BB04A",
          },
        ],
      },
      "Type": "AWS::IAM::Policy",
    },
  },
}
`;
